Update: Sat Aug  8 15:09:29 UTC 2026
Update: Sun Aug  9 09:25:49 UTC 2026
Update: Sun Aug  9 11:11:27 UTC 2026
Update: Mon Aug 10 10:06:09 UTC 2026
Update: Mon Aug 10 11:31:46 UTC 2026
Update: Tue Aug 11 10:29:25 UTC 2026
Update: Wed Aug 12 10:40:32 UTC 2026
Update: Thu Aug 13 10:40:59 UTC 2026
Update: Fri Aug 14 10:36:43 UTC 2026
Update: Sat Aug 15 09:54:36 UTC 2026
Update: Sun Aug 16 09:55:42 UTC 2026
Update: Mon Aug 17 10:07:41 UTC 2026
Update: Tue Aug 18 10:01:31 UTC 2026
Update: Wed Aug 19 10:01:59 UTC 2026
Update: Thu Aug 20 10:03:58 UTC 2026
Update: Fri Aug 21 10:04:05 UTC 2026
Update: Sat Aug 22 09:55:14 UTC 2026
Update: Sun Aug 23 09:55:48 UTC 2026
Update: Mon Aug 24 10:20:41 UTC 2026
Update: Tue Aug 25 10:03:59 UTC 2026
Update: Wed Aug 26 10:15:53 UTC 2026
Update: Thu Aug 27 19:58:37 UTC 2026
Update: Fri Aug 28 20:58:45 UTC 2026
Update: Sat Aug 29 14:40:43 UTC 2026
